Archive Project report for IT_LAB_8
Fri Mar 11 18:21:50 2022
Quartus Prime Version 20.1.1 Build 720 11/11/2020 SJ Standard Edition


---------------------
; Table of Contents ;
---------------------
  1. Legal Notice
  2. Archive Project Summary
  3. Archive Project Messages
  4. Files Archived



----------------
; Legal Notice ;
----------------
Copyright (C) 2020  Intel Corporation. All rights reserved.
Your use of Intel Corporation's design tools, logic functions 
and other software and tools, and any partner logic 
functions, and any output files from any of the foregoing 
(including device programming or simulation files), and any 
associated documentation or information are expressly subject 
to the terms and conditions of the Intel Program License 
Subscription Agreement, the Intel Quartus Prime License Agreement,
the Intel FPGA IP License Agreement, or other applicable license
agreement, including, without limitation, that your use is for
the sole purpose of programming logic devices manufactured by
Intel and sold by Intel or its authorized distributors.  Please
refer to the applicable agreement for further details, at
https://fpgasoftware.intel.com/eula.



+----------------------------------------------------------------+
; Archive Project Summary                                        ;
+------------------------+---------------------------------------+
; Archive Project Status ; Successful - Fri Mar 11 18:21:50 2022 ;
; Revision Name          ; IT_LAB_8                              ;
; Top-level Entity Name  ; IT_LAB_8                              ;
; Family                 ; Cyclone V                             ;
+------------------------+---------------------------------------+


+--------------------------+
; Archive Project Messages ;
+--------------------------+
Info: File Set 'Custom' contains:
    Info: Automatically detected source files
    Info: Project source and settings files
Warning: Hierarchical Platform Designer systems and custom IP components(_hw.tcl and associated files) are not archived by the Quartus Archiver
Info: Archive will store files relative to the closest common parent directory
Info (13213): Using common directory C:/Users/idtti/OneDrive/Desktop/ECEN_3763/lab_wk_8/
Info: ----------------------------------------------------------
Info: ----------------------------------------------------------
Info: Generated archive 'C:/Users/idtti/OneDrive/Desktop/ECEN_3763/lab_wk_8/submission/IT_LAB_8.qar'
Info: ----------------------------------------------------------
Info: ----------------------------------------------------------
Info: Generated report 'IT_LAB_8.archive.rpt'
Info (23030): Evaluation of Tcl script c:/intelfpga/20.1/quartus/common/tcl/apps/qpm/qar.tcl was successful
Info: Quartus Prime Shell was successful. 0 errors, 2 warnings
    Info: Peak virtual memory: 4832 megabytes
    Info: Processing ended: Fri Mar 11 18:21:50 2022
    Info: Elapsed time: 00:00:05
    Info: Total CPU time (on all processors): 00:00:02


+-----------------------------------------------------------------------------------------------------------------------+
; Files Archived                                                                                                        ;
+-----------------------------------------------------------------------------------------------------------------------+
; File Name                                                                                                             ;
+-----------------------------------------------------------------------------------------------------------------------+
; ../source/IT_LAB_8.sv                                                                                                 ;
; C:/Users/idtti/OneDrive/Desktop/ECEN_3763/lab_wk_8/source/IT_LAB_8.sv                                                 ;
; C:/Users/idtti/OneDrive/Desktop/ECEN_3763/lab_wk_8/source/lab_8.tcl                                                   ;
; IT_LAB_8.qpf                                                                                                          ;
; IT_LAB_8.qsf                                                                                                          ;
; IT_LAB_8.SDC                                                                                                          ;
; IT_LAB_8_assignment_defaults.qdf                                                                                      ;
; PLATFORM_DES_LAB_8/synthesis/../../PLATFORM_DES_LAB_8.qsys                                                            ;
; PLATFORM_DES_LAB_8/synthesis/../../PLATFORM_DES_LAB_8.sopcinfo                                                        ;
; PLATFORM_DES_LAB_8/synthesis/../PLATFORM_DES_LAB_8.cmp                                                                ;
; PLATFORM_DES_LAB_8/synthesis/PLATFORM_DES_LAB_8.debuginfo                                                             ;
; PLATFORM_DES_LAB_8/synthesis/PLATFORM_DES_LAB_8.qip                                                                   ;
; PLATFORM_DES_LAB_8/synthesis/PLATFORM_DES_LAB_8.regmap                                                                ;
; PLATFORM_DES_LAB_8/synthesis/PLATFORM_DES_LAB_8.v                                                                     ;
; PLATFORM_DES_LAB_8/synthesis/submodules/altera_avalon_packets_to_master.v                                             ;
; PLATFORM_DES_LAB_8/synthesis/submodules/altera_avalon_sc_fifo.v                                                       ;
; PLATFORM_DES_LAB_8/synthesis/submodules/altera_avalon_st_bytes_to_packets.v                                           ;
; PLATFORM_DES_LAB_8/synthesis/submodules/altera_avalon_st_clock_crosser.v                                              ;
; PLATFORM_DES_LAB_8/synthesis/submodules/altera_avalon_st_idle_inserter.v                                              ;
; PLATFORM_DES_LAB_8/synthesis/submodules/altera_avalon_st_idle_remover.v                                               ;
; PLATFORM_DES_LAB_8/synthesis/submodules/altera_avalon_st_jtag_interface.sdc                                           ;
; PLATFORM_DES_LAB_8/synthesis/submodules/altera_avalon_st_jtag_interface.v                                             ;
; PLATFORM_DES_LAB_8/synthesis/submodules/altera_avalon_st_packets_to_bytes.v                                           ;
; PLATFORM_DES_LAB_8/synthesis/submodules/altera_avalon_st_pipeline_base.v                                              ;
; PLATFORM_DES_LAB_8/synthesis/submodules/altera_avalon_st_pipeline_stage.sv                                            ;
; PLATFORM_DES_LAB_8/synthesis/submodules/altera_default_burst_converter.sv                                             ;
; PLATFORM_DES_LAB_8/synthesis/submodules/altera_incr_burst_converter.sv                                                ;
; PLATFORM_DES_LAB_8/synthesis/submodules/altera_jtag_dc_streaming.v                                                    ;
; PLATFORM_DES_LAB_8/synthesis/submodules/altera_jtag_sld_node.v                                                        ;
; PLATFORM_DES_LAB_8/synthesis/submodules/altera_jtag_streaming.v                                                       ;
; PLATFORM_DES_LAB_8/synthesis/submodules/altera_merlin_address_alignment.sv                                            ;
; PLATFORM_DES_LAB_8/synthesis/submodules/altera_merlin_arbitrator.sv                                                   ;
; PLATFORM_DES_LAB_8/synthesis/submodules/altera_merlin_burst_adapter.sv                                                ;
; PLATFORM_DES_LAB_8/synthesis/submodules/altera_merlin_burst_adapter_13_1.sv                                           ;
; PLATFORM_DES_LAB_8/synthesis/submodules/altera_merlin_burst_adapter_new.sv                                            ;
; PLATFORM_DES_LAB_8/synthesis/submodules/altera_merlin_burst_adapter_uncmpr.sv                                         ;
; PLATFORM_DES_LAB_8/synthesis/submodules/altera_merlin_burst_uncompressor.sv                                           ;
; PLATFORM_DES_LAB_8/synthesis/submodules/altera_merlin_master_agent.sv                                                 ;
; PLATFORM_DES_LAB_8/synthesis/submodules/altera_merlin_master_translator.sv                                            ;
; PLATFORM_DES_LAB_8/synthesis/submodules/altera_merlin_reorder_memory.sv                                               ;
; PLATFORM_DES_LAB_8/synthesis/submodules/altera_merlin_slave_agent.sv                                                  ;
; PLATFORM_DES_LAB_8/synthesis/submodules/altera_merlin_slave_translator.sv                                             ;
; PLATFORM_DES_LAB_8/synthesis/submodules/altera_merlin_traffic_limiter.sv                                              ;
; PLATFORM_DES_LAB_8/synthesis/submodules/altera_merlin_width_adapter.sv                                                ;
; PLATFORM_DES_LAB_8/synthesis/submodules/altera_reset_controller.sdc                                                   ;
; PLATFORM_DES_LAB_8/synthesis/submodules/altera_reset_controller.v                                                     ;
; PLATFORM_DES_LAB_8/synthesis/submodules/altera_reset_synchronizer.v                                                   ;
; PLATFORM_DES_LAB_8/synthesis/submodules/altera_std_synchronizer_nocut.v                                               ;
; PLATFORM_DES_LAB_8/synthesis/submodules/altera_wrap_burst_converter.sv                                                ;
; PLATFORM_DES_LAB_8/synthesis/submodules/PLATFORM_DES_LAB_8_master_0.v                                                 ;
; PLATFORM_DES_LAB_8/synthesis/submodules/PLATFORM_DES_LAB_8_master_0_b2p_adapter.sv                                    ;
; PLATFORM_DES_LAB_8/synthesis/submodules/PLATFORM_DES_LAB_8_master_0_p2b_adapter.sv                                    ;
; PLATFORM_DES_LAB_8/synthesis/submodules/PLATFORM_DES_LAB_8_master_0_timing_adt.sv                                     ;
; PLATFORM_DES_LAB_8/synthesis/submodules/PLATFORM_DES_LAB_8_mm_interconnect_0.v                                        ;
; PLATFORM_DES_LAB_8/synthesis/submodules/PLATFORM_DES_LAB_8_mm_interconnect_0_avalon_st_adapter.v                      ;
; PLATFORM_DES_LAB_8/synthesis/submodules/PLATFORM_DES_LAB_8_mm_interconnect_0_avalon_st_adapter_001.v                  ;
; PLATFORM_DES_LAB_8/synthesis/submodules/PLATFORM_DES_LAB_8_mm_interconnect_0_avalon_st_adapter_001_error_adapter_0.sv ;
; PLATFORM_DES_LAB_8/synthesis/submodules/PLATFORM_DES_LAB_8_mm_interconnect_0_avalon_st_adapter_error_adapter_0.sv     ;
; PLATFORM_DES_LAB_8/synthesis/submodules/PLATFORM_DES_LAB_8_mm_interconnect_0_cmd_demux.sv                             ;
; PLATFORM_DES_LAB_8/synthesis/submodules/PLATFORM_DES_LAB_8_mm_interconnect_0_cmd_mux.sv                               ;
; PLATFORM_DES_LAB_8/synthesis/submodules/PLATFORM_DES_LAB_8_mm_interconnect_0_router.sv                                ;
; PLATFORM_DES_LAB_8/synthesis/submodules/PLATFORM_DES_LAB_8_mm_interconnect_0_router_001.sv                            ;
; PLATFORM_DES_LAB_8/synthesis/submodules/PLATFORM_DES_LAB_8_mm_interconnect_0_router_002.sv                            ;
; PLATFORM_DES_LAB_8/synthesis/submodules/PLATFORM_DES_LAB_8_mm_interconnect_0_rsp_demux.sv                             ;
; PLATFORM_DES_LAB_8/synthesis/submodules/PLATFORM_DES_LAB_8_mm_interconnect_0_rsp_mux.sv                               ;
; PLATFORM_DES_LAB_8/synthesis/submodules/PLATFORM_DES_LAB_8_new_sdram_controller_0.v                                   ;
; PLATFORM_DES_LAB_8/synthesis/submodules/PLATFORM_DES_LAB_8_pio_0.v                                                    ;
; PLATFORM_DES_LAB_8/synthesis/submodules/PLATFORM_DES_LAB_8_pll_0.qip                                                  ;
; PLATFORM_DES_LAB_8/synthesis/submodules/PLATFORM_DES_LAB_8_pll_0.v                                                    ;
+-----------------------------------------------------------------------------------------------------------------------+


